
> frontend@0.1.0 build
> next build

Γû▓ Next.js 16.1.6 (Turbopack)

  Creating an optimized production build ...
node.exe : 
At line:1 char:1
+ & "C:\Program 
Files\nodejs/node.exe" 
"C:\Program 
Files\nodejs/node_mo 
...
+ ~~~~~~~~~~~~~~~~~~~~~
~~~~~~~~~~~~~~~~~~~~~~~
~~~~~~~~~~~~~~~~~~~~~~~
~~
    + CategoryInfo     
         : NotSpecifi  
  ed: (:String) [],    
 RemoteException
    + FullyQualifiedEr 
   rorId : NativeComm  
  andError
 
> Build error occurred
Error: Turbopack build 
failed with 4 errors:
./app/page.tsx:7:1
Module not found: 
Can't resolve '@/compon
ents/ui/button'
[0m [90m  5 |[39m 
[36mimport[39m { 
[33mContainer[39m } 
[36mfrom[39m [32m"@/
components/ui/container
"[39m
 [90m  6 |[39m 
[36mimport[39m { 
[33mSection[39m } 
[36mfrom[39m [32m"@/
components/ui/section"
[39m
[31m[1m>[22m[39m[9
0m  7 |[39m 
[36mimport[39m { 
[33mButton[39m } 
[36mfrom[39m [32m"@/
components/ui/button"[
39m
 [90m    |[39m [31m
[1m^[22m[39m[31m[1m
^[22m[39m[31m[1m^[
22m[39m[31m[1m^[22m
[39m[31m[1m^[22m[3
9m[31m[1m^[22m[39m
[31m[1m^[22m[39m[31
m[1m^[22m[39m[31m[
1m^[22m[39m[31m[1m^
[22m[39m[31m[1m^[2
2m[39m[31m[1m^[22m
[39m[31m[1m^[22m[39
m[31m[1m^[22m[39m[
31m[1m^[22m[39m[31m
[1m^[22m[39m[31m[1
m^[22m[39m[31m[1m^
[22m[39m[31m[1m^[22
m[39m[31m[1m^[22m[
39m[31m[1m^[22m[39m
[31m[1m^[22m[39m[3
1m[1m^[22m[39m[31m
[1m^[22m[39m[31m[1m
^[22m[39m[31m[1m^[
22m[39m[31m[1m^[22m
[39m[31m[1m^[22m[3
9m[31m[1m^[22m[39m
[31m[1m^[22m[39m[31
m[1m^[22m[39m[31m[
1m^[22m[39m[31m[1m^
[22m[39m[31m[1m^[2
2m[39m[31m[1m^[22m
[39m[31m[1m^[22m[39
m[31m[1m^[22m[39m[
31m[1m^[22m[39m[31m
[1m^[22m[39m[31m[1
m^[22m[39m[31m[1m^
[22m[39m[31m[1m^[22
m[39m[31m[1m^[22m[
39m[31m[1m^[22m[39m
[31m[1m^[22m[39m[3
1m[1m^[22m[39m[31m
[1m^[22m[39m
 [90m  8 |[39m
 [90m  9 |[39m 
[36mexport[39m 
[36mdefault[39m 
[36mfunction[39m 
[33mHome[39m() {
 [90m 10 |[39m   
[36mreturn[39m ([0m

Import map: aliased to 
relative './src/compone
nts/ui/button' inside 
of [project]/


Import traces:
  Client Component 
Browser:
    ./app/page.tsx 
[Client Component 
Browser]
    ./app/page.tsx 
[Server Component]

  Client Component SSR:
    ./app/page.tsx 
[Client Component SSR]
    ./app/page.tsx 
[Server Component]

https://nextjs.org/docs
/messages/module-not-fo
und


./app/page.tsx:5:1
Module not found: 
Can't resolve '@/compon
ents/ui/container'
[0m [90m 3 |[39m 
[36mimport[39m { 
motion } 
[36mfrom[39m [32m"fr
amer-motion"[39m
 [90m 4 |[39m 
[36mimport[39m { 
fadeUp[33m,[39m 
staggerContainer } 
[36mfrom[39m [32m"@/
lib/animations"[39m
[31m[1m>[22m[39m[9
0m 5 |[39m 
[36mimport[39m { 
[33mContainer[39m } 
[36mfrom[39m [32m"@/
components/ui/container
"[39m
 [90m   |[39m [31m[
1m^[22m[39m[31m[1m^
[22m[39m[31m[1m^[2
2m[39m[31m[1m^[22m
[39m[31m[1m^[22m[39
m[31m[1m^[22m[39m[
31m[1m^[22m[39m[31m
[1m^[22m[39m[31m[1
m^[22m[39m[31m[1m^
[22m[39m[31m[1m^[22
m[39m[31m[1m^[22m[
39m[31m[1m^[22m[39m
[31m[1m^[22m[39m[3
1m[1m^[22m[39m[31m
[1m^[22m[39m[31m[1m
^[22m[39m[31m[1m^[
22m[39m[31m[1m^[22m
[39m[31m[1m^[22m[3
9m[31m[1m^[22m[39m
[31m[1m^[22m[39m[31
m[1m^[22m[39m[31m[
1m^[22m[39m[31m[1m^
[22m[39m[31m[1m^[2
2m[39m[31m[1m^[22m
[39m[31m[1m^[22m[39
m[31m[1m^[22m[39m[
31m[1m^[22m[39m[31m
[1m^[22m[39m[31m[1
m^[22m[39m[31m[1m^
[22m[39m[31m[1m^[22
m[39m[31m[1m^[22m[
39m[31m[1m^[22m[39m
[31m[1m^[22m[39m[3
1m[1m^[22m[39m[31m
[1m^[22m[39m[31m[1m
^[22m[39m[31m[1m^[
22m[39m[31m[1m^[22m
[39m[31m[1m^[22m[3
9m[31m[1m^[22m[39m
[31m[1m^[22m[39m[31
m[1m^[22m[39m[31m[
1m^[22m[39m[31m[1m^
[22m[39m[31m[1m^[2
2m[39m[31m[1m^[22m
[39m[31m[1m^[22m[39
m[31m[1m^[22m[39m[
31m[1m^[22m[39m
 [90m 6 |[39m 
[36mimport[39m { 
[33mSection[39m } 
[36mfrom[39m [32m"@/
components/ui/section"
[39m
 [90m 7 |[39m 
[36mimport[39m { 
[33mButton[39m } 
[36mfrom[39m [32m"@/
components/ui/button"[
39m
 [90m 8 |[39m[0m

Import map: aliased to 
relative './src/compone
nts/ui/container' 
inside of [project]/


Import traces:
  Client Component 
Browser:
    ./app/page.tsx 
[Client Component 
Browser]
    ./app/page.tsx 
[Server Component]

  Client Component SSR:
    ./app/page.tsx 
[Client Component SSR]
    ./app/page.tsx 
[Server Component]

https://nextjs.org/docs
/messages/module-not-fo
und


./app/page.tsx:6:1
Module not found: 
Can't resolve '@/compon
ents/ui/section'
[0m [90m 4 |[39m 
[36mimport[39m { 
fadeUp[33m,[39m 
staggerContainer } 
[36mfrom[39m [32m"@/
lib/animations"[39m
 [90m 5 |[39m 
[36mimport[39m { 
[33mContainer[39m } 
[36mfrom[39m [32m"@/
components/ui/container
"[39m
[31m[1m>[22m[39m[9
0m 6 |[39m 
[36mimport[39m { 
[33mSection[39m } 
[36mfrom[39m [32m"@/
components/ui/section"
[39m
 [90m   |[39m [31m[
1m^[22m[39m[31m[1m^
[22m[39m[31m[1m^[2
2m[39m[31m[1m^[22m
[39m[31m[1m^[22m[39
m[31m[1m^[22m[39m[
31m[1m^[22m[39m[31m
[1m^[22m[39m[31m[1
m^[22m[39m[31m[1m^
[22m[39m[31m[1m^[22
m[39m[31m[1m^[22m[
39m[31m[1m^[22m[39m
[31m[1m^[22m[39m[3
1m[1m^[22m[39m[31m
[1m^[22m[39m[31m[1m
^[22m[39m[31m[1m^[
22m[39m[31m[1m^[22m
[39m[31m[1m^[22m[3
9m[31m[1m^[22m[39m
[31m[1m^[22m[39m[31
m[1m^[22m[39m[31m[
1m^[22m[39m[31m[1m^
[22m[39m[31m[1m^[2
2m[39m[31m[1m^[22m
[39m[31m[1m^[22m[39
m[31m[1m^[22m[39m[
31m[1m^[22m[39m[31m
[1m^[22m[39m[31m[1
m^[22m[39m[31m[1m^
[22m[39m[31m[1m^[22
m[39m[31m[1m^[22m[
39m[31m[1m^[22m[39m
[31m[1m^[22m[39m[3
1m[1m^[22m[39m[31m
[1m^[22m[39m[31m[1m
^[22m[39m[31m[1m^[
22m[39m[31m[1m^[22m
[39m[31m[1m^[22m[3
9m[31m[1m^[22m[39m
[31m[1m^[22m[39m[31
m[1m^[22m[39m[31m[
1m^[22m[39m[31m[1m^
[22m[39m[31m[1m^[2
2m[39m
 [90m 7 |[39m 
[36mimport[39m { 
[33mButton[39m } 
[36mfrom[39m [32m"@/
components/ui/button"[
39m
 [90m 8 |[39m
 [90m 9 |[39m 
[36mexport[39m 
[36mdefault[39m 
[36mfunction[39m 
[33mHome[39m() {[0m

Import map: aliased to 
relative './src/compone
nts/ui/section' inside 
of [project]/


Import traces:
  Client Component 
Browser:
    ./app/page.tsx 
[Client Component 
Browser]
    ./app/page.tsx 
[Server Component]

  Client Component SSR:
    ./app/page.tsx 
[Client Component SSR]
    ./app/page.tsx 
[Server Component]

https://nextjs.org/docs
/messages/module-not-fo
und


./app/page.tsx:4:1
Module not found: 
Can't resolve 
'@/lib/animations'
[0m [90m 2 |[39m
 [90m 3 |[39m 
[36mimport[39m { 
motion } 
[36mfrom[39m [32m"fr
amer-motion"[39m
[31m[1m>[22m[39m[9
0m 4 |[39m 
[36mimport[39m { 
fadeUp[33m,[39m 
staggerContainer } 
[36mfrom[39m [32m"@/
lib/animations"[39m
 [90m   |[39m [31m[
1m^[22m[39m[31m[1m^
[22m[39m[31m[1m^[2
2m[39m[31m[1m^[22m
[39m[31m[1m^[22m[39
m[31m[1m^[22m[39m[
31m[1m^[22m[39m[31m
[1m^[22m[39m[31m[1
m^[22m[39m[31m[1m^
[22m[39m[31m[1m^[22
m[39m[31m[1m^[22m[
39m[31m[1m^[22m[39m
[31m[1m^[22m[39m[3
1m[1m^[22m[39m[31m
[1m^[22m[39m[31m[1m
^[22m[39m[31m[1m^[
22m[39m[31m[1m^[22m
[39m[31m[1m^[22m[3
9m[31m[1m^[22m[39m
[31m[1m^[22m[39m[31
m[1m^[22m[39m[31m[
1m^[22m[39m[31m[1m^
[22m[39m[31m[1m^[2
2m[39m[31m[1m^[22m
[39m[31m[1m^[22m[39
m[31m[1m^[22m[39m[
31m[1m^[22m[39m[31m
[1m^[22m[39m[31m[1
m^[22m[39m[31m[1m^
[22m[39m[31m[1m^[22
m[39m[31m[1m^[22m[
39m[31m[1m^[22m[39m
[31m[1m^[22m[39m[3
1m[1m^[22m[39m[31m
[1m^[22m[39m[31m[1m
^[22m[39m[31m[1m^[
22m[39m[31m[1m^[22m
[39m[31m[1m^[22m[3
9m[31m[1m^[22m[39m
[31m[1m^[22m[39m[31
m[1m^[22m[39m[31m[
1m^[22m[39m[31m[1m^
[22m[39m[31m[1m^[2
2m[39m[31m[1m^[22m
[39m[31m[1m^[22m[39
m[31m[1m^[22m[39m[
31m[1m^[22m[39m[31m
[1m^[22m[39m[31m[1
m^[22m[39m[31m[1m^
[22m[39m[31m[1m^[22
m[39m[31m[1m^[22m[
39m[31m[1m^[22m[39m
 [90m 5 |[39m 
[36mimport[39m { 
[33mContainer[39m } 
[36mfrom[39m [32m"@/
components/ui/container
"[39m
 [90m 6 |[39m 
[36mimport[39m { 
[33mSection[39m } 
[36mfrom[39m [32m"@/
components/ui/section"
[39m
 [90m 7 |[39m 
[36mimport[39m { 
[33mButton[39m } 
[36mfrom[39m [32m"@/
components/ui/button"[
39m[0m

Import map: aliased to 
relative 
'./src/lib/animations' 
inside of [project]/


Import traces:
  Client Component 
Browser:
    ./app/page.tsx 
[Client Component 
Browser]
    ./app/page.tsx 
[Server Component]

  Client Component SSR:
    ./app/page.tsx 
[Client Component SSR]
    ./app/page.tsx 
[Server Component]

https://nextjs.org/docs
/messages/module-not-fo
und


    at <unknown> 
(./app/page.tsx:7:1)
    at <unknown> (https
://nextjs.org/docs/mess
ages/module-not-found)
    at <unknown> 
(./app/page.tsx:5:1)
    at <unknown> (https
://nextjs.org/docs/mess
ages/module-not-found)
    at <unknown> 
(./app/page.tsx:6:1)
    at <unknown> (https
://nextjs.org/docs/mess
ages/module-not-found)
    at <unknown> 
(./app/page.tsx:4:1)
    at <unknown> (https
://nextjs.org/docs/mess
ages/module-not-found)
